../Drivers/CMSIS/Include/core_cm4.h:1679:22:__NVIC_EnableIRQ	16	static,ignoring_inline_asm
../Drivers/CMSIS/Include/core_cm4.h:1809:22:__NVIC_SetPriority	16	static
../Peripherals/Src/adc.c:13:6:adc_GPIO_config	4	static
../Peripherals/Src/adc.c:27:6:adc_ADCVREG_STUP_delay	16	static
../Peripherals/Src/adc.c:36:6:adc_single_channel_auto_delayed_continuous_conv_config	8	static
../Peripherals/Src/adc.c:89:6:adc_multiChannel_config	8	static
../Peripherals/Src/adc.c:160:6:adc_multiChannel_DMA_config	16	static
../Peripherals/Src/adc.c:199:6:adc_MIC_config	8	static
../Peripherals/Src/adc.c:264:6:adc_MIC_DMA_config	16	static
