../Drivers/CMSIS/Include/core_cm4.h:1679:22:__NVIC_EnableIRQ	16	static,ignoring_inline_asm
../Drivers/CMSIS/Include/core_cm4.h:1717:22:__NVIC_DisableIRQ	16	static,ignoring_inline_asm
../Drivers/CMSIS/Include/core_cm4.h:1809:22:__NVIC_SetPriority	16	static
../Peripherals/Src/spi.c:13:6:spi_PeripheralClockControl	16	static
../Peripherals/Src/spi.c:45:6:spi_Init	16	static
../Peripherals/Src/spi.c:112:6:spi_DeInit	16	static
../Peripherals/Src/spi.c:124:6:spi_IRQInterruptConfig	16	static
../Peripherals/Src/spi.c:150:9:spi_GetFlagStatus	16	static
../Peripherals/Src/spi.c:163:9:spi_SendIT	32	static
../Peripherals/Src/spi.c:185:9:spi_ReadIT	32	static
../Peripherals/Src/spi.c:211:6:spi_CloseTransmissionIT	16	static
../Peripherals/Src/spi.c:233:6:spi_CloseReceptionIT	16	static
../Peripherals/Src/spi.c:253:6:spi_TXE_Interrupt_Handler	16	static
../Peripherals/Src/spi.c:279:6:spi_RXNE_Interrupt_Handler	16	static
../Peripherals/Src/spi.c:307:6:spi_Error_Interrupt_Handler	24	static
../Peripherals/Src/spi.c:333:6:spi_IRQHandling	16	static
../Peripherals/Src/spi.c:360:6:spi_GPIO_config	24	static
../Peripherals/Src/spi.c:396:6:spi_config	16	static
../Peripherals/Src/spi.c:422:6:spi_transmit	40	static
../Peripherals/Src/spi.c:458:6:spi_receive	40	static
../Peripherals/Src/spi.c:503:6:spi_transmitReceive	40	static
../Peripherals/Src/spi.c:552:6:spi_cs_sd_write	16	static
../Peripherals/Src/spi.c:564:6:spi_ApplicationEventCallBack	16	static
