../Applications/WAV_Recorder/wav_recorder.c:44:13:wavRecorder_reset	4	static
../Applications/WAV_Recorder/wav_recorder.c:54:6:wav_recorder_fileCreate	16	static
../Applications/WAV_Recorder/wav_recorder.c:90:6:wav_recorder_record	8	static
../Applications/WAV_Recorder/wav_recorder.c:101:6:wav_recorder_stop	4	static
../Applications/WAV_Recorder/wav_recorder.c:110:6:wav_recorder_process	16	static
../Applications/WAV_Recorder/wav_recorder.c:157:6:wav_recorder_isFinished	4	static
../Applications/WAV_Recorder/wav_recorder.c:165:6:wav_recorder_pause	4	static
../Applications/WAV_Recorder/wav_recorder.c:169:6:wav_recorder_resume	8	static
../Applications/WAV_Recorder/wav_recorder.c:177:6:wavRecorder_halfTransfer_Callback	4	static
../Applications/WAV_Recorder/wav_recorder.c:181:6:wavRecorder_fullTransfer_Callback	4	static
